[27-Apr-2025 21:36:34 Europe/Minsk] PHP Warning:  require(/var/www/finalproject/vendor/autoload.php): Failed to open stream: No such file or directory in /var/www/finalproject/index.php on line 4
[27-Apr-2025 21:36:34 Europe/Minsk] PHP Fatal error:  Uncaught Error: Failed opening required '/var/www/finalproject/vendor/autoload.php' (include_path='.:/usr/share/php') in /var/www/finalproject/index.php:4
Stack trace:
#0 {main}
  thrown in /var/www/finalproject/index.php on line 4
[27-Apr-2025 21:36:49 Europe/Minsk] PHP Fatal error:  Uncaught Error: Class "MyGameSite\Controller\GameController" not found in /var/www/finalproject/src/Router/Router.php:38
Stack trace:
#0 /var/www/finalproject/index.php(9): MyGameSite\Router\Router->handleRequest()
#1 {main}
  thrown in /var/www/finalproject/src/Router/Router.php on line 38
[27-Apr-2025 21:43:01 Europe/Minsk] PHP Fatal error:  Uncaught Error: Class "Controller\GameController" not found in /var/www/finalproject/src/Router/Router.php:38
Stack trace:
#0 /var/www/finalproject/index.php(9): MyGameSite\Router\Router->handleRequest()
#1 {main}
  thrown in /var/www/finalproject/src/Router/Router.php on line 38
[27-Apr-2025 21:44:51 Europe/Minsk] PHP Fatal error:  Uncaught Error: Class "MyGameSite\Controller\GameController" not found in /var/www/finalproject/src/Router/Router.php:37
Stack trace:
#0 /var/www/finalproject/index.php(9): MyGameSite\Router\Router->handleRequest()
#1 {main}
  thrown in /var/www/finalproject/src/Router/Router.php on line 37
[27-Apr-2025 21:45:00 Europe/Minsk] PHP Warning:  include(/var/www/finalproject/src/Router/../../templateTemplateEngine.php/games.php): Failed to open stream: No such file or directory in /var/www/finalproject/src/Services/TemplateEngine.php on line 21
[27-Apr-2025 21:45:00 Europe/Minsk] PHP Warning:  include(): Failed opening '/var/www/finalproject/src/Router/../../templateTemplateEngine.php/games.php' for inclusion (include_path='.:/usr/share/php') in /var/www/finalproject/src/Services/TemplateEngine.php on line 21
[27-Apr-2025 21:45:00 Europe/Minsk] PHP Warning:  include(/var/www/finalproject/src/Router/../../templateTemplateEngine.php/layout.php): Failed to open stream: No such file or directory in /var/www/finalproject/src/Services/TemplateEngine.php on line 26
[27-Apr-2025 21:45:00 Europe/Minsk] PHP Warning:  include(): Failed opening '/var/www/finalproject/src/Router/../../templateTemplateEngine.php/layout.php' for inclusion (include_path='.:/usr/share/php') in /var/www/finalproject/src/Services/TemplateEngine.php on line 26
[27-Apr-2025 21:50:46 Europe/Minsk] PHP Warning:  include(/var/www/finalproject/src/Router/../../templateTemplateEngine.php/games.php): Failed to open stream: No such file or directory in /var/www/finalproject/src/Services/TemplateEngine.php on line 21
[27-Apr-2025 21:50:46 Europe/Minsk] PHP Warning:  include(): Failed opening '/var/www/finalproject/src/Router/../../templateTemplateEngine.php/games.php' for inclusion (include_path='.:/usr/share/php') in /var/www/finalproject/src/Services/TemplateEngine.php on line 21
[27-Apr-2025 21:50:46 Europe/Minsk] PHP Warning:  include(/var/www/finalproject/src/Router/../../templateTemplateEngine.php//../../template/layout.php): Failed to open stream: No such file or directory in /var/www/finalproject/src/Services/TemplateEngine.php on line 26
[27-Apr-2025 21:50:46 Europe/Minsk] PHP Warning:  include(): Failed opening '/var/www/finalproject/src/Router/../../templateTemplateEngine.php//../../template/layout.php' for inclusion (include_path='.:/usr/share/php') in /var/www/finalproject/src/Services/TemplateEngine.php on line 26
[27-Apr-2025 22:05:56 Europe/Minsk] PHP Warning:  Undefined property: MyGameSite\Services\TemplateEngine::$webAssetsPath in /var/www/finalproject/template/layout.php on line 11
[27-Apr-2025 22:29:09 Europe/Minsk] PHP Warning:  Array to string conversion in /var/www/finalproject/template/layout.php on line 16
[27-Apr-2025 22:29:09 Europe/Minsk] PHP Warning:  Array to string conversion in /var/www/finalproject/template/layout.php on line 94
[27-Apr-2025 22:30:36 Europe/Minsk] PHP Warning:  Array to string conversion in /var/www/finalproject/template/layout.php on line 16
[27-Apr-2025 22:31:35 Europe/Minsk] PHP Warning:  Array to string conversion in /var/www/finalproject/template/layout.php on line 16
[27-Apr-2025 22:32:10 Europe/Minsk] PHP Warning:  Array to string conversion in /var/www/finalproject/template/layout.php on line 16
[27-Apr-2025 22:32:12 Europe/Minsk] PHP Warning:  Array to string conversion in /var/www/finalproject/template/layout.php on line 16
[27-Apr-2025 22:32:13 Europe/Minsk] PHP Warning:  Array to string conversion in /var/www/finalproject/template/layout.php on line 16
[27-Apr-2025 22:32:14 Europe/Minsk] PHP Warning:  Array to string conversion in /var/www/finalproject/template/layout.php on line 16
[27-Apr-2025 22:33:03 Europe/Minsk] PHP Warning:  Array to string conversion in /var/www/finalproject/template/layout.php on line 16
[27-Apr-2025 22:40:19 Europe/Minsk] PHP Warning:  include(/var/www/finalproject/src/Router/../../templateTemplateEngine.php/games.php): Failed to open stream: No such file or directory in /var/www/finalproject/src/Services/TemplateEngine.php on line 21
[27-Apr-2025 22:40:19 Europe/Minsk] PHP Warning:  include(): Failed opening '/var/www/finalproject/src/Router/../../templateTemplateEngine.php/games.php' for inclusion (include_path='.:/usr/share/php') in /var/www/finalproject/src/Services/TemplateEngine.php on line 21
[27-Apr-2025 22:40:19 Europe/Minsk] PHP Warning:  include(/var/www/finalproject/src/Router/../../templateTemplateEngine.php/layout.php): Failed to open stream: No such file or directory in /var/www/finalproject/src/Services/TemplateEngine.php on line 26
[27-Apr-2025 22:40:19 Europe/Minsk] PHP Warning:  include(): Failed opening '/var/www/finalproject/src/Router/../../templateTemplateEngine.php/layout.php' for inclusion (include_path='.:/usr/share/php') in /var/www/finalproject/src/Services/TemplateEngine.php on line 26
